Key present: true AIzaSyBq2U7ipAw...

Trying model: gemini-2.0-flash
Γ¥î gemini-2.0-flash FAILED - Status: 429, Msg: [GoogleGenerativeAI Error]: Error fetching from https://generativelanguage.googleapis.com/v1beta/mod

Trying model: gemini-1.5-flash
Γ¥î gemini-1.5-flash FAILED - Status: 404, Msg: [GoogleGenerativeAI Error]: Error fetching from https://generativelanguage.googleapis.com/v1beta/mod

Trying model: gemini-1.5-flash-latest
Γ¥î gemini-1.5-flash-latest FAILED - Status: 404, Msg: [GoogleGenerativeAI Error]: Error fetching from https://generativelanguage.googleapis.com/v1beta/mod

Trying model: gemini-pro
Γ¥î gemini-pro FAILED - Status: 404, Msg: [GoogleGenerativeAI Error]: Error fetching from https://generativelanguage.googleapis.com/v1beta/mod
